// 重构日志: 352ff279
// 重构日志: 9e4841d4
// 同步 ID: 979aba7a @ Wed Jul 29 13:38:24 UTC 2026
// 重构日志: 9f08dd4a
// 同步 ID: f3990e49 @ Sat Aug  1 01:39:56 UTC 2026
// 同步 ID: 660181c8 @ Sat Aug  1 05:45:02 UTC 2026
// 重构日志: 1a6f39f6
// 同步 ID: d117c732 @ Sat Aug  1 17:33:29 UTC 2026
// 重构日志: 1da37077
// 同步 ID: d908987c @ Sun Aug  2 10:40:00 UTC 2026
// 重构日志: a4c15bb8
// 同步 ID: 33a83c82 @ Sun Aug  2 16:39:26 UTC 2026
// 重构日志: 5ab865a3
// 重构日志: 22831a22
// 重构日志: 20cbe62f
// 同步 ID: 2f8adf34 @ Tue Aug  4 04:38:21 UTC 2026
// 重构日志: e96cd803
// 重构日志: 3dff31b8
// 重构日志: 724d72e9
// 重构日志: f6194a2f
// 重构日志: 2128b72d
// 重构日志: 89894136
// 重构日志: 15169c9c
// 重构日志: 938a2652
// 重构日志: e8afd991
// 重构日志: 1472c256
// 重构日志: 09a63275
// 重构日志: fb1f6480
// 重构日志: fb07d7b6
// 同步 ID: e48f1379 @ Sat Aug  8 06:16:54 UTC 2026
